[theme.crumina.net/html-olympus/34-YourAccount-ChatMessages.html]
[backblue.gif]
[fade.gif]
[index.html]
[theme.crumina.net/html-olympus/Bootstrap/dist/css/bootstrap-reboot.css]
[theme.crumina.net/html-olympus/Bootstrap/dist/css/bootstrap-grid.css]
[theme.crumina.net/html-olympus/Bootstrap/dist/css/bootstrap.css]
[theme.crumina.net/html-olympus/css/fonts.min.css]
[theme.crumina.net/html-olympus/css/main.min.css]
[theme.crumina.net/html-olympus/js/webfontloader.min.js]
[theme.crumina.net/html-olympus/28-YourAccount-PersonalInformation.html]
[theme.crumina.net/html-olympus/29-YourAccount-AccountSettings.html]
[theme.crumina.net/html-olympus/30-YourAccount-ChangePassword.html]
[theme.crumina.net/html-olympus/31-YourAccount-HobbiesAndInterests.html]
[theme.crumina.net/html-olympus/32-YourAccount-EducationAndEmployement.html]
[theme.crumina.net/html-olympus/33-YourAccount-Notifications.html]
[theme.crumina.net/html-olympus/35-YourAccount-FriendsRequests.html]
[theme.crumina.net/html-olympus/36-FavPage-SettingsAndCreatePopup.html]
[theme.crumina.net/html-olympus/02-ProfilePage.html]
[theme.crumina.net/html-olympus/img/logo.png]
[theme.crumina.net/html-olympus/03-Newsfeed.html]
[theme.crumina.net/html-olympus/16-FavPagesFeed.html]
[theme.crumina.net/html-olympus/17-FriendGroups.html]
[theme.crumina.net/html-olympus/18-MusicAndPlaylists.html]
[theme.crumina.net/html-olympus/19-WeatherWidget.html]
[theme.crumina.net/html-olympus/20-CalendarAndEvents-MonthlyCalendar.html]
[theme.crumina.net/html-olympus/24-CommunityBadges.html]
[theme.crumina.net/html-olympus/25-FriendsBirthday.html]
[theme.crumina.net/html-olympus/26-Statistics.html]
[theme.crumina.net/html-olympus/27-ManageWidgets.html]
[theme.crumina.net/html-olympus/img/author-page.jpg]
[theme.crumina.net/html-olympus/mobile-index.html]
[theme.crumina.net/html-olympus/Mobile-28-YourAccount-PersonalInformation.html]
[theme.crumina.net/html-olympus/mobile-29-YourAccount-AccountSettings.html]
[theme.crumina.net/html-olympus/Mobile-30-YourAccount-ChangePassword.html]
[theme.crumina.net/html-olympus/Mobile-31-YourAccount-HobbiesAndInterests.html]
[theme.crumina.net/html-olympus/Mobile-32-YourAccount-EducationAndEmployement.html]
[theme.crumina.net/html-olympus/Mobile-33-YourAccount-Notifications.html]
[theme.crumina.net/html-olympus/Mobile-34-YourAccount-ChatMessages.html]
[theme.crumina.net/html-olympus/Mobile-35-YourAccount-FriendsRequests.html]
[theme.crumina.net/html-olympus/img/avatar67-sm.jpg]
[theme.crumina.net/html-olympus/img/avatar62-sm.jpg]
[theme.crumina.net/html-olympus/img/avatar68-sm.jpg]
[theme.crumina.net/html-olympus/img/avatar69-sm.jpg]
[theme.crumina.net/html-olympus/img/avatar70-sm.jpg]
[theme.crumina.net/html-olympus/img/avatar64-sm.jpg]
[theme.crumina.net/html-olympus/img/avatar71-sm.jpg]
[theme.crumina.net/html-olympus/img/avatar72-sm.jpg]
[theme.crumina.net/html-olympus/img/avatar63-sm.jpg]
[theme.crumina.net/html-olympus/img/avatar55-sm.jpg]
[theme.crumina.net/html-olympus/img/avatar56-sm.jpg]
[theme.crumina.net/html-olympus/img/avatar57-sm.jpg]
[theme.crumina.net/html-olympus/img/avatar58-sm.jpg]
[theme.crumina.net/html-olympus/img/avatar59-sm.jpg]
[theme.crumina.net/html-olympus/img/avatar60-sm.jpg]
[theme.crumina.net/html-olympus/img/avatar61-sm.jpg]
[theme.crumina.net/html-olympus/img/avatar11-sm.jpg]
[theme.crumina.net/html-olympus/img/avatar12-sm.jpg]
[theme.crumina.net/html-olympus/img/avatar13-sm.jpg]
[theme.crumina.net/html-olympus/img/avatar10-sm.jpg]
[theme.crumina.net/html-olympus/img/comment-photo1.jpg]
[theme.crumina.net/html-olympus/img/avatar65-sm.jpg]
[theme.crumina.net/html-olympus/img/avatar66-sm.jpg]
[theme.crumina.net/html-olympus/img/account-bottom.png]
[theme.crumina.net/html-olympus/img/avatar8-sm.jpg]
[theme.crumina.net/html-olympus/img/avatar9-sm.jpg]
[theme.crumina.net/html-olympus/img/avatar14-sm.jpg]
[theme.crumina.net/html-olympus/img/icon-chat1.png]
[theme.crumina.net/html-olympus/img/icon-chat2.png]
[theme.crumina.net/html-olympus/img/icon-chat3.png]
[theme.crumina.net/html-olympus/img/icon-chat4.png]
[theme.crumina.net/html-olympus/img/icon-chat5.png]
[theme.crumina.net/html-olympus/img/icon-chat6.png]
[theme.crumina.net/html-olympus/img/icon-chat7.png]
[theme.crumina.net/html-olympus/img/icon-chat8.png]
[theme.crumina.net/html-olympus/img/icon-chat9.png]
[theme.crumina.net/html-olympus/img/icon-chat10.png]
[theme.crumina.net/html-olympus/img/icon-chat11.png]
[theme.crumina.net/html-olympus/img/icon-chat12.png]
[theme.crumina.net/html-olympus/img/icon-chat13.png]
[theme.crumina.net/html-olympus/img/icon-chat14.png]
[theme.crumina.net/html-olympus/img/icon-chat15.png]
[theme.crumina.net/html-olympus/img/icon-chat16.png]
[theme.crumina.net/html-olympus/img/icon-chat17.png]
[theme.crumina.net/html-olympus/img/icon-chat18.png]
[theme.crumina.net/html-olympus/img/icon-chat19.png]
[theme.crumina.net/html-olympus/img/icon-chat20.png]
[theme.crumina.net/html-olympus/img/icon-chat21.png]
[theme.crumina.net/html-olympus/img/icon-chat22.png]
[theme.crumina.net/html-olympus/img/icon-chat23.png]
[theme.crumina.net/html-olympus/img/icon-chat24.png]
[theme.crumina.net/html-olympus/img/icon-chat25.png]
[theme.crumina.net/html-olympus/img/icon-chat26.png]
[theme.crumina.net/html-olympus/img/icon-chat27.png]
[theme.crumina.net/html-olympus/img/photo-message1.jpg]
[theme.crumina.net/html-olympus/img/photo-message2.jpg]
[theme.crumina.net/html-olympus/js/jquery.appear.js]
[theme.crumina.net/html-olympus/js/jquery-3.2.1.js]
[theme.crumina.net/html-olympus/js/jquery.mousewheel.js]
[theme.crumina.net/html-olympus/js/jquery.matchHeight.js]
[theme.crumina.net/html-olympus/js/svgxuse.js]
[theme.crumina.net/html-olympus/js/imagesloaded.pkgd.js]
[theme.crumina.net/html-olympus/js/Headroom.js]
[theme.crumina.net/html-olympus/js/velocity.js]
[theme.crumina.net/html-olympus/js/ScrollMagic.js]
[theme.crumina.net/html-olympus/js/jquery.waypoints.js]
[theme.crumina.net/html-olympus/js/jquery.countTo.js]
[theme.crumina.net/html-olympus/js/popper.min.js]
[theme.crumina.net/html-olympus/js/material.min.js]
[theme.crumina.net/html-olympus/js/bootstrap-select.js]
[theme.crumina.net/html-olympus/js/smooth-scroll.js]
[theme.crumina.net/html-olympus/js/selectize.js]
[theme.crumina.net/html-olympus/js/swiper.jquery.js]
[theme.crumina.net/html-olympus/js/moment.js]
[theme.crumina.net/html-olympus/js/daterangepicker.js]
[theme.crumina.net/html-olympus/js/simplecalendar.js]
[theme.crumina.net/html-olympus/js/fullcalendar.js]
[theme.crumina.net/html-olympus/js/isotope.pkgd.js]
[theme.crumina.net/html-olympus/js/ajax-pagination.js]
[theme.crumina.net/html-olympus/js/chartjs-plugin-deferred.js]
[theme.crumina.net/html-olympus/js/Chart.js]
[theme.crumina.net/html-olympus/js/circle-progress.js]
[theme.crumina.net/html-olympus/js/run-chart.js]
[theme.crumina.net/html-olympus/js/jquery.gifplayer.js]
[theme.crumina.net/html-olympus/js/loader.js]
[theme.crumina.net/html-olympus/js/mediaelement-and-player.js]
[theme.crumina.net/html-olympus/js/mediaelement-playlist-plugin.min.js]
[theme.crumina.net/html-olympus/js/base-init.js]
[theme.crumina.net/html-olympus/34-YourAccount-ChatMessages.html]
[theme.crumina.net/html-olympus/Bootstrap/dist/css/bootstrap-reboot.css]
[theme.crumina.net/html-olympus/Bootstrap/dist/css/bootstrap.css]
[theme.crumina.net/html-olympus/Bootstrap/dist/css/bootstrap-grid.css]
[theme.crumina.net/html-olympus/Bootstrap/dist/js/bootstrap.bundle.js]
[theme.crumina.net/html-olympus/img/landing-users.png]
[theme.crumina.net/html-olympus/img/bg-section1.png]
[theme.crumina.net/html-olympus/img/bg-section2.png]
[theme.crumina.net/html-olympus/img/bg-section3.png]
[theme.crumina.net/html-olympus/img/bg-section4.png]
[theme.crumina.net/html-olympus/img/bg-section5.png]
[theme.crumina.net/html-olympus/img/top-header3.png]
[theme.crumina.net/html-olympus/img/top-header6.png]
[theme.crumina.net/html-olympus/img/top-header4.png]
[theme.crumina.net/html-olympus/img/top-header5.png]
[theme.crumina.net/html-olympus/img/bg-group.png]
[theme.crumina.net/html-olympus/img/top-header7.png]
[theme.crumina.net/html-olympus/img/landing-bg.jpg]
[theme.crumina.net/html-olympus/img/bg-users.png]
[theme.crumina.net/html-olympus/img/bg-event-day.jpg]
[theme.crumina.net/html-olympus/img/testimonial-header.png]
[theme.crumina.net/html-olympus/img/contact-bg.png]
[theme.crumina.net/html-olympus/img/bg-birthdays.jpg]
[theme.crumina.net/html-olympus/img/bg-wethear.jpg]
[theme.crumina.net/html-olympus/css/main.min.css]
[theme.crumina.net/html-olympus/fonts/fontawesome-webfont3295.eot]
[theme.crumina.net/html-olympus/fonts/fontawesome-webfontd41d.eot]
[theme.crumina.net/html-olympus/fonts/fontawesome-webfont3295.woff]
[theme.crumina.net/html-olympus/css/fonts.min.css]
[theme.crumina.net/html-olympus/svg-icons/sprites/icons.svg]
[theme.crumina.net/html-olympus/28-YourAccount-PersonalInformation.html]
[theme.crumina.net/html-olympus/29-YourAccount-AccountSettings.html]
[theme.crumina.net/html-olympus/30-YourAccount-ChangePassword.html]
[theme.crumina.net/html-olympus/31-YourAccount-HobbiesAndInterests.html]
[theme.crumina.net/html-olympus/32-YourAccount-EducationAndEmployement.html]
[theme.crumina.net/html-olympus/img/avatar2-sm.jpg]
[theme.crumina.net/html-olympus/img/avatar3-sm.jpg]
[theme.crumina.net/html-olympus/img/comment-photo.jpg]
[theme.crumina.net/html-olympus/img/avatar4-sm.jpg]
[theme.crumina.net/html-olympus/img/avatar5-sm.jpg]
[theme.crumina.net/html-olympus/img/avatar6-sm.jpg]
[theme.crumina.net/html-olympus/img/avatar7-sm.jpg]
[theme.crumina.net/html-olympus/33-YourAccount-Notifications.html]
[theme.crumina.net/html-olympus/img/avatar15-sm.jpg]
[theme.crumina.net/html-olympus/img/avatar16-sm.jpg]
[theme.crumina.net/html-olympus/img/avatar17-sm.jpg]
[theme.crumina.net/html-olympus/img/avatar18-sm.jpg]
[theme.crumina.net/html-olympus/35-YourAccount-FriendsRequests.html]
[theme.crumina.net/html-olympus/36-FavPage-SettingsAndCreatePopup.html]
[theme.crumina.net/html-olympus/img/top-header1.jpg]
[theme.crumina.net/html-olympus/05-ProfilePage-About.html]
[theme.crumina.net/html-olympus/06-ProfilePage.html]
[theme.crumina.net/html-olympus/07-ProfilePage-Photos.html]
[theme.crumina.net/html-olympus/09-ProfilePage-Videos.html]
[theme.crumina.net/html-olympus/img/author-main1.jpg]
[theme.crumina.net/html-olympus/img/friend-harmonic7.jpg]
[theme.crumina.net/html-olympus/img/friend-harmonic8.jpg]
[theme.crumina.net/html-olympus/img/friend-harmonic9.jpg]
[theme.crumina.net/html-olympus/img/friend-harmonic10.jpg]
[theme.crumina.net/html-olympus/img/friend-harmonic11.jpg]
[theme.crumina.net/html-olympus/img/video5.jpg]
[theme.crumina.net/html-olympus/img/post-photo6.jpg]
[theme.crumina.net/html-olympus/img/friend-harmonic2.jpg]
[theme.crumina.net/html-olympus/img/badge1.png]
[theme.crumina.net/html-olympus/img/badge4.png]
[theme.crumina.net/html-olympus/img/badge3.png]
[theme.crumina.net/html-olympus/img/badge6.png]
[theme.crumina.net/html-olympus/img/badge11.png]
[theme.crumina.net/html-olympus/img/badge8.png]
[theme.crumina.net/html-olympus/img/badge10.png]
[theme.crumina.net/html-olympus/img/badge13.png]
[theme.crumina.net/html-olympus/img/badge7.png]
[theme.crumina.net/html-olympus/img/badge12.png]
[theme.crumina.net/html-olympus/img/playlist6.jpg]
[theme.crumina.net/html-olympus/img/playlist7.jpg]
[theme.crumina.net/html-olympus/img/playlist8.jpg]
[theme.crumina.net/html-olympus/img/playlist9.jpg]
[theme.crumina.net/html-olympus/img/playlist10.jpg]
[theme.crumina.net/html-olympus/img/twitter-avatar1.png]
[theme.crumina.net/html-olympus/img/video8.jpg]
[theme.crumina.net/html-olympus/img/last-photo10-large.jpg]
[theme.crumina.net/html-olympus/img/last-phot12-large.jpg]
[theme.crumina.net/html-olympus/img/last-phot13-large.jpg]
[theme.crumina.net/html-olympus/img/last-phot14-large.jpg]
[theme.crumina.net/html-olympus/img/last-phot15-large.jpg]
[theme.crumina.net/html-olympus/img/last-phot16-large.jpg]
[theme.crumina.net/html-olympus/img/last-phot17-large.jpg]
[theme.crumina.net/html-olympus/img/last-phot18-large.jpg]
[theme.crumina.net/html-olympus/img/avatar38-sm.jpg]
[theme.crumina.net/html-olympus/img/avatar24-sm.jpg]
[theme.crumina.net/html-olympus/img/avatar36-sm.jpg]
[theme.crumina.net/html-olympus/img/avatar35-sm.jpg]
[theme.crumina.net/html-olympus/img/avatar34-sm.jpg]
[theme.crumina.net/html-olympus/img/avatar33-sm.jpg]
[theme.crumina.net/html-olympus/img/avatar32-sm.jpg]
[theme.crumina.net/html-olympus/img/avatar31-sm.jpg]
[theme.crumina.net/html-olympus/img/avatar30-sm.jpg]
[theme.crumina.net/html-olympus/img/avatar29-sm.jpg]
[theme.crumina.net/html-olympus/img/avatar28-sm.jpg]
[theme.crumina.net/html-olympus/img/avatar27-sm.jpg]
[theme.crumina.net/html-olympus/img/avatar26-sm.jpg]
[theme.crumina.net/html-olympus/img/avatar25-sm.jpg]
[theme.crumina.net/html-olympus/img/avatar41-sm.jpg]
[theme.crumina.net/html-olympus/img/avatar42-sm.jpg]
[theme.crumina.net/html-olympus/img/avatar43-sm.jpg]
[theme.crumina.net/html-olympus/img/avatar44-sm.jpg]
[theme.crumina.net/html-olympus/img/avatar45-sm.jpg]
[theme.crumina.net/html-olympus/img/avatar46-sm.jpg]
[theme.crumina.net/html-olympus/img/friend-harmonic1.jpg]
[theme.crumina.net/html-olympus/img/friend-harmonic3.jpg]
[theme.crumina.net/html-olympus/img/friend-harmonic4.jpg]
[theme.crumina.net/html-olympus/img/friend-harmonic6.jpg]
[theme.crumina.net/html-olympus/img/friend-harmonic12.jpg]
[theme.crumina.net/html-olympus/img/friend-harmonic13.jpg]
[theme.crumina.net/html-olympus/img/friend-harmonic14.jpg]
[theme.crumina.net/html-olympus/img/friend-harmonic15.jpg]
[theme.crumina.net/html-olympus/img/choose-photo1.jpg]
[theme.crumina.net/html-olympus/img/choose-photo2.jpg]
[theme.crumina.net/html-olympus/img/choose-photo3.jpg]
[theme.crumina.net/html-olympus/img/choose-photo4.jpg]
[theme.crumina.net/html-olympus/img/choose-photo5.jpg]
[theme.crumina.net/html-olympus/img/choose-photo6.jpg]
[theme.crumina.net/html-olympus/img/choose-photo7.jpg]
[theme.crumina.net/html-olympus/img/choose-photo8.jpg]
[theme.crumina.net/html-olympus/img/choose-photo9.jpg]
[theme.crumina.net/html-olympus/img/choose-photo10.jpg]
[theme.crumina.net/html-olympus/img/choose-photo11.jpg]
[theme.crumina.net/html-olympus/img/choose-photo13.jpg]
[theme.crumina.net/html-olympus/img/choose-photo14.jpg]
[theme.crumina.net/html-olympus/img/choose-photo15.jpg]
[theme.crumina.net/html-olympus/img/playlist19.jpg]
[theme.crumina.net/html-olympus/mp3/Twice.mp3]
[theme.crumina.net/html-olympus/02-ProfilePage.html]
[theme.crumina.net/html-olympus/img/video-youtube1.jpg]
[theme.crumina.net/html-olympus/img/post__thumb1.jpg]
[theme.crumina.net/html-olympus/img/avatar48-sm.jpg]
[theme.crumina.net/html-olympus/img/avatar39-sm.jpg]
[theme.crumina.net/html-olympus/img/avatar40-sm.jpg]
[theme.crumina.net/html-olympus/img/avatar49-sm.jpg]
[theme.crumina.net/html-olympus/img/avatar50-sm.jpg]
[theme.crumina.net/html-olympus/img/avatar51-sm.jpg]
[theme.crumina.net/html-olympus/img/avatar52-sm.jpg]
[theme.crumina.net/html-olympus/img/avatar53-sm.jpg]
[theme.crumina.net/html-olympus/03-Newsfeed.html]
[theme.crumina.net/html-olympus/01-LandingPage.html]
[theme.crumina.net/html-olympus/img/post__thumb3.jpg]
[theme.crumina.net/html-olympus/img/post-photo7.jpg]
[theme.crumina.net/html-olympus/img/post-photo2.jpg]
[theme.crumina.net/html-olympus/img/post-photo3.jpg]
[theme.crumina.net/html-olympus/img/post-photo4.jpg]
[theme.crumina.net/html-olympus/img/post-photo5.jpg]
[theme.crumina.net/html-olympus/img/faved-page7.jpg]
[theme.crumina.net/html-olympus/img/faved-page1.jpg]
[theme.crumina.net/html-olympus/img/faved-page11.jpg]
[theme.crumina.net/html-olympus/img/faved-page12.jpg]
[theme.crumina.net/html-olympus/16-FavPagesFeed.html]
[theme.crumina.net/html-olympus/img/group-bottom.png]
[theme.crumina.net/html-olympus/img/friend-group1.png]
[theme.crumina.net/html-olympus/img/friend-group2.jpg]
[theme.crumina.net/html-olympus/img/friend-group3.jpg]
[theme.crumina.net/html-olympus/img/friend-group4.jpg]
[theme.crumina.net/html-olympus/img/avatar74-sm.jpg]
[theme.crumina.net/html-olympus/img/avatar75-sm.jpg]
[theme.crumina.net/html-olympus/img/avatar76-sm.jpg]
[theme.crumina.net/html-olympus/17-FriendGroups.html]
[theme.crumina.net/html-olympus/img/music-bottom.png]
[theme.crumina.net/html-olympus/img/playlist11.jpg]
[theme.crumina.net/html-olympus/img/playlist12.jpg]
[theme.crumina.net/html-olympus/img/playlist13.jpg]
[theme.crumina.net/html-olympus/img/playlist14.jpg]
[theme.crumina.net/html-olympus/img/playlist15.jpg]
[theme.crumina.net/html-olympus/img/playlist16.jpg]
[theme.crumina.net/html-olympus/img/playlist17.jpg]
[theme.crumina.net/html-olympus/img/playlist18.jpg]
[theme.crumina.net/html-olympus/img/playlist20.jpg]
[theme.crumina.net/html-olympus/18-MusicAndPlaylists.html]
[theme.crumina.net/html-olympus/img/weather-bottom.png]
[theme.crumina.net/html-olympus/19-WeatherWidget.html]
[theme.crumina.net/html-olympus/img/event-bottom.png]
[theme.crumina.net/html-olympus/img/avatar78-sm.jpg]
[theme.crumina.net/html-olympus/img/avatar77-sm.jpg]
[theme.crumina.net/html-olympus/img/event-public.jpg]
[theme.crumina.net/html-olympus/img/event-private.jpg]
[theme.crumina.net/html-olympus/20-CalendarAndEvents-MonthlyCalendar.html]
[theme.crumina.net/html-olympus/img/badges-bottom.png]
[theme.crumina.net/html-olympus/img/badge2.png]
[theme.crumina.net/html-olympus/img/badge5.png]
[theme.crumina.net/html-olympus/img/badge9.png]
[theme.crumina.net/html-olympus/img/badge14.png]
[theme.crumina.net/html-olympus/img/badge15.png]
[theme.crumina.net/html-olympus/24-CommunityBadges.html]
[theme.crumina.net/html-olympus/img/birthdays-bottom.png]
[theme.crumina.net/html-olympus/img/avatar20-sm.jpg]
[theme.crumina.net/html-olympus/img/avatar21-sm.jpg]
[theme.crumina.net/html-olympus/img/avatar22-sm.jpg]
[theme.crumina.net/html-olympus/img/avatar23-sm.jpg]
[theme.crumina.net/html-olympus/25-FriendsBirthday.html]
[theme.crumina.net/html-olympus/img/world-map.png]
[theme.crumina.net/html-olympus/img/flag1.jpg]
[theme.crumina.net/html-olympus/img/flag2.jpg]
[theme.crumina.net/html-olympus/img/flag3.jpg]
[theme.crumina.net/html-olympus/img/flag4.jpg]
[theme.crumina.net/html-olympus/img/flag5.jpg]
[theme.crumina.net/html-olympus/img/flag6.jpg]
[theme.crumina.net/html-olympus/img/flag7.jpg]
[theme.crumina.net/html-olympus/26-Statistics.html]
[theme.crumina.net/html-olympus/27-ManageWidgets.html]
[theme.crumina.net/html-olympus/img/video5-m.jpg]
[theme.crumina.net/html-olympus/img/post-video.jpg]
[theme.crumina.net/html-olympus/mobile-index.html]
[theme.crumina.net/html-olympus/Mobile-28-YourAccount-PersonalInformation.html]
[theme.crumina.net/html-olympus/mobile-29-YourAccount-AccountSettings.html]
[theme.crumina.net/html-olympus/Mobile-30-YourAccount-ChangePassword.html]
[theme.crumina.net/html-olympus/Mobile-31-YourAccount-HobbiesAndInterests.html]
[theme.crumina.net/html-olympus/Mobile-32-YourAccount-EducationAndEmployement.html]
[theme.crumina.net/html-olympus/Mobile-33-YourAccount-Notifications.html]
[theme.crumina.net/html-olympus/Mobile-34-YourAccount-ChatMessages.html]
[theme.crumina.net/html-olympus/Mobile-35-YourAccount-FriendsRequests.html]
[theme.crumina.net/html-olympus/svg-icons/back-to-top.svg]
[theme.crumina.net/html-olympus/svg-icons/prev-song.svg]
[theme.crumina.net/html-olympus/svg-icons/next-song.svg]
[theme.crumina.net/html-olympus/svg-icons/play-icon.svg]
[theme.crumina.net/html-olympus/svg-icons/pause-icon.svg]
[theme.crumina.net/html-olympus/svg-icons/repeat.svg]
[theme.crumina.net/html-olympus/svg-icons/repeat-off.svg]
[theme.crumina.net/html-olympus/svg-icons/shuffle.svg]
[theme.crumina.net/html-olympus/svg-icons/shuffle-on.svg]
[theme.crumina.net/html-olympus/svg-icons/sound.svg]
[theme.crumina.net/html-olympus/svg-icons/no-sound.svg]
[theme.crumina.net/html-olympus/fonts/fontawesome-webfont3295.html]
[theme.crumina.net/html-olympus/fonts/fontawesome-webfont3295.ttf]
[theme.crumina.net/html-olympus/js/jquery.magnific-popup.js]
[theme.crumina.net/html-olympus/js/perfect-scrollbar.js]
[theme.crumina.net/html-olympus/fonts/fontawesome-webfont3295.svg]
[theme.crumina.net/html-olympus/05-ProfilePage-About.html]
[theme.crumina.net/html-olympus/img/avatar1.jpg]
[theme.crumina.net/html-olympus/img/friend2.jpg]
[theme.crumina.net/html-olympus/img/avatar2.jpg]
[theme.crumina.net/html-olympus/img/friend3.jpg]
[theme.crumina.net/html-olympus/img/avatar3.jpg]
[theme.crumina.net/html-olympus/img/friend4.jpg]
[theme.crumina.net/html-olympus/img/avatar5.jpg]
[theme.crumina.net/html-olympus/img/friend6.jpg]
[theme.crumina.net/html-olympus/img/avatar6.jpg]
[theme.crumina.net/html-olympus/img/friend7.jpg]
[theme.crumina.net/html-olympus/img/avatar7.jpg]
[theme.crumina.net/html-olympus/img/friend8.jpg]
[theme.crumina.net/html-olympus/06-ProfilePage.html]
[theme.crumina.net/html-olympus/img/photo-item1.jpg]
[theme.crumina.net/html-olympus/img/photo-item2.jpg]
[theme.crumina.net/html-olympus/img/photo-item3.jpg]
[theme.crumina.net/html-olympus/img/photo-item4.jpg]
[theme.crumina.net/html-olympus/img/photo-item5.jpg]
[theme.crumina.net/html-olympus/img/photo-item6.jpg]
[theme.crumina.net/html-olympus/img/photo-item8.jpg]
[theme.crumina.net/html-olympus/img/photo-item9.jpg]
[theme.crumina.net/html-olympus/img/photo-item10.jpg]
[theme.crumina.net/html-olympus/img/photo-item11.jpg]
[theme.crumina.net/html-olympus/img/photo-album1.jpg]
[theme.crumina.net/html-olympus/img/photo-album2.jpg]
[theme.crumina.net/html-olympus/img/photo-album4.jpg]
[theme.crumina.net/html-olympus/img/photo-album5.jpg]
[theme.crumina.net/html-olympus/img/open-photo2.jpg]
[theme.crumina.net/html-olympus/img/photo-tabs1.jpg]
[theme.crumina.net/html-olympus/img/photo-tabs2.jpg]
[theme.crumina.net/html-olympus/img/photo-tabs3.jpg]
[theme.crumina.net/html-olympus/img/photo-tabs4.jpg]
[theme.crumina.net/html-olympus/img/photo-tabs5.jpg]
[theme.crumina.net/html-olympus/img/photo-tabs6.jpg]
[theme.crumina.net/html-olympus/img/photo-tabs7.jpg]
[theme.crumina.net/html-olympus/img/photo-tabs8.jpg]
[theme.crumina.net/html-olympus/img/photo-tabs9.jpg]
[theme.crumina.net/html-olympus/img/avatar73-sm.jpg]
[theme.crumina.net/html-olympus/img/photo-album6.jpg]
[theme.crumina.net/html-olympus/img/photo-album8.jpg]
[theme.crumina.net/html-olympus/img/photo-album9.jpg]
[theme.crumina.net/html-olympus/img/photo-album10.jpg]
[theme.crumina.net/html-olympus/07-ProfilePage-Photos.html]
[theme.crumina.net/html-olympus/img/video9.jpg]
[theme.crumina.net/html-olympus/img/video11.jpg]
[theme.crumina.net/html-olympus/img/video12.jpg]
[theme.crumina.net/html-olympus/img/video13.jpg]
[theme.crumina.net/html-olympus/img/video14.jpg]
[theme.crumina.net/html-olympus/img/video15.jpg]
[theme.crumina.net/html-olympus/img/video16.jpg]
[theme.crumina.net/html-olympus/img/video17.jpg]
[theme.crumina.net/html-olympus/09-ProfilePage-Videos.html]
[theme.crumina.net/html-olympus/svg-icons/sprites/icons-music.svg]
[theme.crumina.net/html-olympus/img/video7.jpg]
[theme.crumina.net/html-olympus/img/last-phot11-large.jpg]
[theme.crumina.net/html-olympus/img/friend-harmonic5.jpg]
[theme.crumina.net/html-olympus/img/choose-photo12.jpg]
[theme.crumina.net/html-olympus/svg-icons/sprites/icons-weather.svg]
[theme.crumina.net/html-olympus/img/logo-colored-small.png]
[theme.crumina.net/html-olympus/img/product1.png]
[theme.crumina.net/html-olympus/img/product2.png]
[theme.crumina.net/html-olympus/01-LandingPage.html]
[theme.crumina.net/html-olympus/img/friend1.jpg]
[theme.crumina.net/html-olympus/img/friend5.jpg]
[theme.crumina.net/html-olympus/img/avatar47-sm.jpg]
[theme.crumina.net/html-olympus/img/avatar4.jpg]
[theme.crumina.net/html-olympus/img/avatar1-sm.jpg]
[theme.crumina.net/html-olympus/img/avatar8.jpg]
[theme.crumina.net/html-olympus/img/photo-album3.jpg]
[theme.crumina.net/html-olympus/img/photo-album7.jpg]
[theme.crumina.net/html-olympus/img/photo-item7.jpg]
[theme.crumina.net/html-olympus/img/open-photo1.jpg]
[theme.crumina.net/html-olympus/img/video10.jpg]
