[preview.themeforest.net/item/crest-bootstrap-admin-theme/full_screen_preview/2023505457ac.html]
[backblue.gif]
[fade.gif]
[index.html]
[public-assets.envato-static.com/assets/market/core/index-a23f7f2dd592d3928d0c7365f8386c4310a63d0ffe2e72a92ec9a83aaadeb17c.css]
[public-assets.envato-static.com/assets/market/pages/preview/index-6da503d08aa5f43ac39ce104f6cabc796ea21e19547d1d8b441cb073c2e88d01.css]
[public-assets.envato-static.com/icons/themeforest.net/apple-touch-icon-72x72-precomposed.png]
[public-assets.envato-static.com/icons/themeforest.net/apple-touch-icon-114x114-precomposed.png]
[public-assets.envato-static.com/icons/themeforest.net/apple-touch-icon-144x144-precomposed.png]
[public-assets.envato-static.com/icons/themeforest.net/apple-touch-icon-precomposed.png]
[www.google-analytics.com/analytics.js]
[preview.themeforest.net/item/crest-bootstrap-admin-theme/full_screen_preview/2023505457ac.html]
[s.pinimg.com/ct/core.js]
[public-assets.envato-static.com/assets/market/pages/full_screen_preview/index-606c0c33de678e85d864527a397d1cbce6a1367853192f7057bcf1c1463ef6c1.js]
[public-assets.envato-static.com/assets/common/pagination_loader-8c6a70768e3d8135995dbd27307cb84e746eaa49ac295ffff4a86c3dec16a4e5.gif]
[public-assets.envato-static.com/assets/market/core/index-a23f7f2dd592d3928d0c7365f8386c4310a63d0ffe2e72a92ec9a83aaadeb17c.css]
[public-assets.envato-static.com/assets/market/pages/preview/index-6da503d08aa5f43ac39ce104f6cabc796ea21e19547d1d8b441cb073c2e88d01.css]
[preview.themeforest.net/item/crest-bootstrap-admin-theme/full_screen_preview/linkid.js]
